# serializer version: 1
# name: test_api
  dict({
    'body': '{"id":"unique-request-id","result":"accurate"}',
    'statusCode': 200,
  })
# ---
